Queued 158 channels to process.
[1/158] Kris -> support@limitlessmentor.com (gateway-website)
[2/158] Michael -> info@onerentalatatime.com (pattern-verified (onerentalatatime.com))
[3/158] Greg -> info@practicalfounders.com (pattern-verified (practicalfounders.com))
[4/158] Erik -> (none) ()
[5/158] Anthony -> (none) ()
[6/158] Finn -> info@thormeier.co (pattern-verified (thormeier.co))
[7/158] Davis -> info@joinpurplecircle.com (pattern-verified (joinpurplecircle.com))
[8/158] Scott -> info@thetimetogrow.com (pattern-verified (thetimetogrow.com))
[9/158] Robert -> info@dfypodcast.com (pattern-verified (dfypodcast.com))
[10/158] Joanna -> (none) ()
[11/158] Manuel -> info@manuelsuarez.com (pattern-verified (manuelsuarez.com))
[12/158] Zach -> info@zacheven-esh.com (pattern-verified (zacheven-esh.com))
[13/158] Susanne -> info@skool.com (pattern-verified (skool.com))
[14/158] Tim -> info@strriches.com (pattern-verified (strriches.com))
[15/158] Arsenio -> info@buzzsprout.com (pattern-verified (buzzsprout.com))
[16/158] David -> david@dmeltzer.com (gateway-website)
[17/158] Wayne -> info@reimasters.ca (gateway-website)
[18/158] Suz -> info@suzchadwick.com (pattern-verified (suzchadwick.com))
[19/158] Mike -> (none) ()
[20/158] Mark -> info@markdivine.com (gateway-website)
[21/158] Krista -> info@kristamashore.com (pattern-verified (kristamashore.com))
[22/158] Laura -> info@fabuwellness.com (pattern-verified (fabuwellness.com))
[23/158] Nick -> info@nickwestergaard.com (pattern-verified (nickwestergaard.com))
[24/158] Oliver -> info@speaklikeaceo.academy (pattern-verified (speaklikeaceo.academy))
[25/158] Gabby -> info@drdianahill.com (pattern-verified (drdianahill.com))
[26/158] Ruth -> (none) ()
[27/158] Melisa -> info@melisaliberman.com (pattern-verified (melisaliberman.com))
[28/158] Chip -> (none) ()
[29/158] Robert -> info@dfypodcast.com (pattern-verified (dfypodcast.com))
[30/158] James -> (none) ()
[31/158] Judy -> support@judyweber.co (gateway-website)
[32/158] Ryan -> info@ryanleak.com (pattern-verified (ryanleak.com))
[33/158] Randi -> (none) ()
[34/158] Robbie -> (none) ()
[35/158] Libby -> (none) ()
[36/158] Erica -> (none) ()
[37/158] Chris Dreyer -> info@rankings.io (pattern-verified (rankings.io))
[38/158] Mike Robertson -> info@robertsontrainingsystems.com (pattern-verified (robertsontrainingsystems.com))
[39/158] Joel -> (none) ()
[40/158] Shannon -> info@shannonjean.com (pattern-verified (shannonjean.com))
[41/158] Howie -> hello@howiechan.com (gateway-website)
[42/158] Robert -> info@zenadvertise.com (pattern-verified (zenadvertise.com))
[43/158] Annie -> (none) ()
[44/158] Lissa -> info@redeemhertime.com (pattern-verified (redeemhertime.com))
[45/158] David Moerman -> info@homeservicebusinesscoach.com (pattern-verified (homeservicebusinesscoach.com))
[46/158] Salena -> info@salenaknight.com (pattern-verified (salenaknight.com))
[47/158] Debbie -> info@debbieshadid.com (pattern-verified (debbieshadid.com))
[48/158] Tracy -> info@simplysquaredaway.com (pattern-verified (simplysquaredaway.com))
[49/158] Elizabeth -> info@elizabethwalker.dk (pattern-verified (elizabethwalker.dk))
[50/158] Michelle -> info@healthcoachpowercommunity.com (pattern-verified (healthcoachpowercommunity.com))
[51/158] Jennifer -> info@jenniferallwood.com (pattern-verified (jenniferallwood.com))
[52/158] Dr. cindra -> info@cindrakamphoff.com (pattern-verified (cindrakamphoff.com))
[53/158] Jeremy -> info@whatsapp.com (pattern-verified (whatsapp.com))
[54/158] Paul -> info@amazon.com (pattern-verified (amazon.com))
[55/158] Phillip -> info@lnk.to (pattern-verified (lnk.to))
[56/158] Greg -> (none) ()
[57/158] Mark -> info@markmacleod.me (pattern-verified (markmacleod.me))
[58/158] Andrew -> info@thenextnewthing.ai (pattern-verified (thenextnewthing.ai))
[59/158] Alisa -> info@alisacohn.com (pattern-verified (alisacohn.com))
[60/158] Ryan -> (none) ()
[61/158] Jessica -> jessica@jessicamoorhouse.com (gateway-website)
[62/158] Nick -> (none) ()
[63/158] Kelly -> info@businessoftherapy.com (pattern-verified (businessoftherapy.com))
[64/158] Jayme -> info@healthydeveloper.com (pattern-verified (healthydeveloper.com))
[65/158] Diann -> info@bit.ly (pattern-verified (bit.ly))
[66/158] Auren -> contact@foundersfund.com (pattern-verified (foundersfund.com))
[67/158] Wes -> (none) ()
[68/158] Neil -> info@techblogwriter.co.uk (pattern-verified (techblogwriter.co.uk))
[69/158] Evan -> (none) ()
[70/158] Tony -> (none) ()
[71/158] Anna -> (none) ()
[72/158] Michael -> michael@silverbackpartners.net (gateway-website)
[73/158] Richard -> info@richard-seidl.com (pattern-verified (richard-seidl.com))
[74/158] Mariko -> support@soulpriority.com (pattern-verified (soulpriority.com))
[75/158] Joey -> info@joeypinz.com (pattern-verified (joeypinz.com))
[76/158] Kevin -> info@kevinbupp.com (pattern-verified (kevinbupp.com))
[77/158] Colly -> info@salesxcellence.com (pattern-verified (salesxcellence.com))
[78/158] Emily -> info@emilyaarons.com (pattern-verified (emilyaarons.com))
[79/158] Capital raiser show -> info@capitalraisershow.com (pattern-verified (capitalraisershow.com))
[80/158] Rod -> info@rodkhleif.com (gateway-website)
[81/158] PEI group -> info@pei.group (pattern-verified (pei.group))
[82/158] Phil -> info@moellerre.com (pattern-verified (moellerre.com))
[83/158] Mike -> (none) ()
[84/158] Ryan -> info@thejesuspeoplemovement.com (pattern-verified (thejesuspeoplemovement.com))
[85/158] Candy -> (none) ()
[86/158] Bigger pockets -> info@biggerpockets.com (pattern-verified (biggerpockets.com))
[87/158] Seth -> info@sethbradleyesq.com (pattern-verified (sethbradleyesq.com))
[88/158] Ellis -> info@aspenfunds.us (pattern-verified (aspenfunds.us))
[89/158] Hugh -> info@patreon.com (pattern-verified (patreon.com))
[90/158] Andrew -> info@bit.ly (pattern-verified (bit.ly))
[91/158] Naveen -> (none) ()
[92/158] Tim n Julie -> support@timandjulieharris.com (pattern-verified (timandjulieharris.com))
[93/158] Antoine -> admin@redbrickequity.com (pattern-verified (redbrickequity.com))
[94/158] Dave -> (none) ()
[95/158] Helen -> (none) ()
[96/158] Jay -> info@jayconner.com (pattern-verified (jayconner.com))
[97/158] Russell -> info@samuelleeds.com (pattern-verified (samuelleeds.com))
[98/158] David -> coaching@discountpropertyinvestor.com (gateway-website)
[99/158] George -> (none) ()
[100/158] Margaret -> (none) ()
[101/158] Sam -> (none) ()
[102/158] Kevin -> info@kevinmcdonnell.co.uk (pattern-verified (kevinmcdonnell.co.uk))
[103/158] Discount property investor -> info@bit.ly (pattern-verified (bit.ly))
[104/158] Simon -> hello@propertyinvestorsnetwork.co.uk (pattern-verified (propertyinvestorsnetwork.co.uk))
[105/158] Michael -> info@kitces.com (pattern-verified (kitces.com))
[106/158] Michael -> info@propertyupdate.com.au (pattern-verified (propertyupdate.com.au))
[107/158] Adam -> info@thoughtfulmoney.com (pattern-verified (thoughtfulmoney.com))
[108/158] Influencial advisor media -> info@influentialadvisor.com (pattern-verified (influentialadvisor.com))
[109/158] Chris -> info@moneyripples.com (pattern-verified (moneyripples.com))
[110/158] Andrew -> contact@designhacker.com (gateway-website)
[111/158] Greg -> contact@goldenreserve.com (gateway-website)
[112/158] Josh -> info@sevenfigureagency.com (pattern-verified (sevenfigureagency.com))
[113/158] Hilary -> info@hendershottwealth.com (pattern-verified (hendershottwealth.com))
[114/158] Dan -> (none) ()
[115/158] James -> (none) ()
[116/158] Brian -> (none) ()
[117/158] Brandon -> info@bit.ly (pattern-verified (bit.ly))
[118/158] Maria -> info@mariawendt.com (pattern-verified (mariawendt.com))
[119/158] Tom -> info@tomferry.com (pattern-verified (tomferry.com))
[120/158] Mike -> info@mikesherrard.com (pattern-verified (mikesherrard.com))
[121/158] Cheesette -> info@theceoofrealestate.com (pattern-verified (theceoofrealestate.com))
[122/158] Kartlon -> ryan@taxalchemy.com (gateway-website)
[123/158] Jake -> info@jakenicolle.com (pattern-verified (jakenicolle.com))
[124/158] Ricky -> info@rickycarruth.com (pattern-verified (rickycarruth.com))
[125/158] Ryan -> info@serhant.com (pattern-verified (serhant.com))
[126/158] Graham -> grahamstephanbusiness@gmail.com (gateway-website)
[127/158] Ben -> askben@benmallah.com (gateway-website)
[128/158] Pace -> (none) ()
[129/158] Andy -> andy.coleman1186@gmail.com (gateway-website)
[130/158] Mark -> markmitchell@londonontariomortgages.ca (gateway-website)
[131/158] Toby -> info@andersonadvisors.com (gateway-website)
[132/158] Ashley -> info@biggerpockets.com (pattern-verified (biggerpockets.com))
[133/158] Steve -> steve@stevesaretsky.com (gateway-website)
[134/158] Jim -> (none) ()
[135/158] Brett -> brett@brettjfox.com (gateway-website)
[136/158] Ken -> info@kenmcelroy.com (pattern-verified (kenmcelroy.com))
[137/158] Jon -> info@flynnrealestateinc.com (pattern-verified (flynnrealestateinc.com))
[138/158] Matt -> info@epicrealestate.com (pattern-verified (epicrealestate.com))
[139/158] Austin -> (none) ()
[140/158] Humphrey -> humphrey@wmeagency.com (gateway-website)
[141/158] Brian -> info@patreon.com (pattern-verified (patreon.com))
[142/158] Jonathan -> jonathan.mills.patrick@gmail.com (gateway-website)
[143/158] Simon -> contact@founderstack.pro (pattern-verified (founderstack.pro))
[144/158] Ali -> (none) ()
[145/158] Ben -> (none) ()
[146/158] Darren -> (none) ()
[147/158] Simon squibb -> partnerships@simonsquibb.com (gateway-website)
[148/158] David -> info@davidcbarnettlist.com (pattern-verified (davidcbarnettlist.com))
[149/158] Alex -> info@acquisition.com (pattern-verified (acquisition.com))
[150/158] Starter story -> support@starterstory.com (pattern-verified (starterstory.com))
[151/158] Brian -> (none) ()
[152/158] Caleb -> (none) ()
[153/158] Feras -> info@startupwithferas.com (pattern-verified (startupwithferas.com))
[154/158] David -> info@filterbuyventures.com (pattern-verified (filterbuyventures.com))
[155/158] Ross -> info@self-mastery.co (pattern-verified (self-mastery.co))
[156/158] Nathan -> info@rankability.com (pattern-verified (rankability.com))
[157/158] Edward -> info@primaryposition.com (pattern-verified (primaryposition.com))
[158/158] Matt -> info@calendly.com (pattern-verified (calendly.com))

DONE. Resolved 124 emails. Errors: 0
